// Jest Snapshot v1, https://goo.gl/fbAQLP

exports[`Snapshot is rendered 1`] = `
<div
  className="container"
>
  <div
    className="intro"
  >
    <h1>
      Hello there :-)
    </h1>
    <p>
       - Lets try some GraphQL! 
    </p>
  </div>
  <div
    className="button"
  >
    <button
      className="MuiButtonBase-root MuiButton-root MuiButton-contained MuiButton-containedPrimary MuiButton-disableElevation"
      disabled={false}
      onBlur={[Function]}
      onClick={[Function]}
      onDragLeave={[Function]}
      onFocus={[Function]}
      onKeyDown={[Function]}
      onKeyUp={[Function]}
      onMouseDown={[Function]}
      onMouseLeave={[Function]}
      onMouseUp={[Function]}
      onTouchEnd={[Function]}
      onTouchMove={[Function]}
      onTouchStart={[Function]}
      tabIndex={0}
      type="button"
    >
      <span
        className="MuiButton-label"
      >
         Run GraphQL query 
      </span>
    </button>
  </div>
  <div
    className="query"
  >
    <p>
       
      query {
            Country(alpha2Code: "SE") {
              name
              nativeName
              population
              convertedArea(areaUnit: SQUARE_MILES) {
                populationDensity
              }
              capital
              location {
                latitude
                longitude
              }
              currencies {
                name
                symbol
              }
              flag {
                emoji
                svgFile
              }
            }
          }
       
    </p>
  </div>
  <div
    className="result"
  >
    Press the button to view the result
  </div>
</div>
`;
